2026-08-24 16:41:05,093 - __main__ - INFO - ======================================================================
2026-08-24 16:41:05,093 - __main__ - INFO - ARIA ETA PREDICTOR TRAINING
2026-08-24 16:41:05,093 - __main__ - INFO - ======================================================================
2026-08-24 16:41:05,093 - __main__ - INFO - Start time: 2026-08-24 16:41:05
2026-08-24 16:41:05,093 - __main__ - INFO - Generating 50,000 synthetic ambulance trips...
2026-08-24 16:41:05,120 - __main__ - INFO - Generated 50,000 samples
2026-08-24 16:41:05,121 - __main__ - INFO - ETA range: 2.0 - 60.0 minutes
2026-08-24 16:41:05,121 - __main__ - INFO - Mean ETA: 18.9 minutes
2026-08-24 16:41:05,130 - __main__ - INFO - 
Data splits:
2026-08-24 16:41:05,130 - __main__ - INFO -   Train: 32,000 samples
2026-08-24 16:41:05,130 - __main__ - INFO -   Val:   8,000 samples
2026-08-24 16:41:05,130 - __main__ - INFO -   Test:  10,000 samples
2026-08-24 16:41:05,130 - __main__ - INFO - Training ETA Predictor...
2026-08-24 16:41:05,151 - __main__ - INFO - Feature matrix shape: (32000, 23)
2026-08-24 16:41:05,151 - __main__ - INFO - Features: 23
2026-08-24 16:41:05,151 - __main__ - INFO - Training main model...
2026-08-24 16:41:05,151 - __main__ - ERROR - Training failed: XGBModel.fit() got an unexpected keyword argument 'early_stopping_rounds'
Traceback (most recent call last):
  File "/Users/lakshsorathiya/ARIA/ml_scripts/eta_predictor.py", line 637, in main
    training_results = model.train(X_train, y_train, X_val, y_val)
  File "/Users/lakshsorathiya/ARIA/ml_scripts/eta_predictor.py", line 328, in train
    self.model.fit(
    ~~~~~~~~~~~~~~^
        X_train_features, y_train,
        ^^^^^^^^^^^^^^^^^^^^^^^^^^
    ...<2 lines>...
        verbose=False
        ^^^^^^^^^^^^^
    )
    ^
  File "/opt/anaconda3/lib/python3.13/site-packages/xgboost/core.py", line 751, in inner_f
    return func(**kwargs)
TypeError: XGBModel.fit() got an unexpected keyword argument 'early_stopping_rounds'
2026-08-24 16:41:22,505 - __main__ - INFO - ======================================================================
2026-08-24 16:41:22,506 - __main__ - INFO - ARIA ETA PREDICTOR TRAINING
2026-08-24 16:41:22,506 - __main__ - INFO - ======================================================================
2026-08-24 16:41:22,506 - __main__ - INFO - Start time: 2026-08-24 16:41:22
2026-08-24 16:41:22,506 - __main__ - INFO - Generating 50,000 synthetic ambulance trips...
2026-08-24 16:41:22,529 - __main__ - INFO - Generated 50,000 samples
2026-08-24 16:41:22,530 - __main__ - INFO - ETA range: 2.0 - 60.0 minutes
2026-08-24 16:41:22,530 - __main__ - INFO - Mean ETA: 18.9 minutes
2026-08-24 16:41:22,538 - __main__ - INFO - 
Data splits:
2026-08-24 16:41:22,538 - __main__ - INFO -   Train: 32,000 samples
2026-08-24 16:41:22,538 - __main__ - INFO -   Val:   8,000 samples
2026-08-24 16:41:22,538 - __main__ - INFO -   Test:  10,000 samples
2026-08-24 16:41:22,538 - __main__ - INFO - Training ETA Predictor...
2026-08-24 16:41:22,558 - __main__ - INFO - Feature matrix shape: (32000, 23)
2026-08-24 16:41:22,558 - __main__ - INFO - Features: 23
2026-08-24 16:41:22,558 - __main__ - INFO - Training main model...
2026-08-24 16:41:23,921 - __main__ - INFO - Training quantile models...
2026-08-24 16:41:27,454 - __main__ - INFO - 
Validation Metrics:
2026-08-24 16:41:27,454 - __main__ - INFO -   MAE:  1.3736 minutes
2026-08-24 16:41:27,454 - __main__ - INFO -   RMSE: 2.0423 minutes
2026-08-24 16:41:27,454 - __main__ - INFO -   MAPE: 9.40%
2026-08-24 16:41:27,454 - __main__ - INFO -   R²:   0.9848
2026-08-24 16:41:27,454 - __main__ - INFO - ======================================================================
2026-08-24 16:41:27,454 - __main__ - INFO - MODEL EVALUATION
2026-08-24 16:41:27,454 - __main__ - INFO - ======================================================================
2026-08-24 16:41:27,500 - __main__ - INFO - 
Test Set Metrics:
2026-08-24 16:41:27,500 - __main__ - INFO -   MAE:  1.3157 minutes
2026-08-24 16:41:27,500 - __main__ - INFO -   RMSE: 1.9629 minutes
2026-08-24 16:41:27,501 - __main__ - INFO -   MAPE: 9.27%
2026-08-24 16:41:27,501 - __main__ - INFO -   R²:   0.9858
2026-08-24 16:41:27,501 - __main__ - INFO - 
Error Distribution:
2026-08-24 16:41:27,501 - __main__ - INFO -   Mean Error:   -0.0289
2026-08-24 16:41:27,501 - __main__ - INFO -   Std Error:    1.9627
2026-08-24 16:41:27,501 - __main__ - INFO -   Min Error:    -13.7956
2026-08-24 16:41:27,501 - __main__ - INFO -   Max Error:    11.6656
2026-08-24 16:41:27,502 - __main__ - INFO -   Median Error: -0.0161
2026-08-24 16:41:27,502 - __main__ - INFO - Creating visualizations...
2026-08-24 16:41:28,073 - __main__ - INFO - Saved visualizations to /Users/lakshsorathiya/ARIA/reports/eta_predictor_evaluation.png
2026-08-24 16:41:28,075 - __main__ - INFO - 
Top 10 Important Features:
2026-08-24 16:41:28,075 - __main__ - INFO -   distance_squared: 0.5228
2026-08-24 16:41:28,075 - __main__ - INFO -   distance_km: 0.2168
2026-08-24 16:41:28,075 - __main__ - INFO -   log_distance: 0.0975
2026-08-24 16:41:28,075 - __main__ - INFO -   is_rush_hour: 0.0538
2026-08-24 16:41:28,075 - __main__ - INFO -   traffic_level_encoded: 0.0436
2026-08-24 16:41:28,075 - __main__ - INFO -   distance_x_traffic: 0.0202
2026-08-24 16:41:28,075 - __main__ - INFO -   num_signals: 0.0119
2026-08-24 16:41:28,075 - __main__ - INFO -   weather_encoded: 0.0099
2026-08-24 16:41:28,075 - __main__ - INFO -   distance_x_weather: 0.0077
2026-08-24 16:41:28,075 - __main__ - INFO -   complexity_score: 0.0064
2026-08-24 16:41:28,075 - __main__ - INFO - Saving model artifacts...
2026-08-24 16:41:28,096 - __main__ - INFO - Model artifacts saved to /Users/lakshsorathiya/ARIA/models
2026-08-24 16:41:28,096 - __main__ - INFO - ======================================================================
2026-08-24 16:41:28,096 - __main__ - INFO - TRAINING COMPLETE
2026-08-24 16:41:28,096 - __main__ - INFO - ======================================================================
2026-08-24 16:41:28,096 - __main__ - INFO - Duration: 5.59 seconds
2026-08-24 16:41:28,096 - __main__ - INFO - Final Test MAE: 1.3157 minutes
2026-08-24 16:41:28,096 - __main__ - INFO - Final Test RMSE: 1.9629 minutes
2026-08-24 16:41:28,096 - __main__ - INFO - Final Test R²: 0.9858
2026-08-24 16:41:28,096 - __main__ - INFO - ✅ Target MAE (<2 minutes) ACHIEVED!
2026-08-24 16:41:28,096 - __main__ - INFO - 
Model saved to: /Users/lakshsorathiya/ARIA/models
2026-08-24 16:41:28,097 - __main__ - INFO - Reports saved to: /Users/lakshsorathiya/ARIA/reports
2026-08-24 16:41:28,097 - __main__ - INFO - ======================================================================
