2026-08-24 16:41:40,604 - __main__ - INFO - ======================================================================
2026-08-24 16:41:40,604 - __main__ - INFO - ARIA HOTSPOT PREDICTOR TRAINING
2026-08-24 16:41:40,604 - __main__ - INFO - ======================================================================
2026-08-24 16:41:40,604 - __main__ - INFO - Start time: 2026-08-24 16:41:40
2026-08-24 16:41:40,604 - __main__ - INFO - Loading data from /Users/lakshsorathiya/ARIA/data/processed/incidents_processed.csv
2026-08-24 16:41:40,746 - __main__ - INFO - Loaded 100,000 records
2026-08-24 16:41:40,746 - __main__ - INFO - ======================================================================
2026-08-24 16:41:40,746 - __main__ - INFO - TRAINING HOTSPOT PREDICTOR
2026-08-24 16:41:40,746 - __main__ - INFO - ======================================================================
2026-08-24 16:41:40,746 - __main__ - INFO - Detecting hotspots with DBSCAN...
2026-08-24 16:41:50,478 - __main__ - INFO - Found 8 hotspot clusters
2026-08-24 16:41:50,479 - __main__ - INFO - Noise points: 0 (0.0%)
2026-08-24 16:42:33,571 - __main__ - INFO - Silhouette Score: 0.9790
2026-08-24 16:42:33,571 - __main__ - INFO - Calinski-Harabasz Score: 409596007.93
2026-08-24 16:42:33,571 - __main__ - INFO - 
Top 5 Hotspots:
2026-08-24 16:42:33,571 - __main__ - INFO -   Cluster 6: 12658 incidents at (19.0757, 72.8776)
2026-08-24 16:42:33,571 - __main__ - INFO -   Cluster 2: 12618 incidents at (28.7039, 77.1023)
2026-08-24 16:42:33,571 - __main__ - INFO -   Cluster 0: 12599 incidents at (23.0226, 72.5714)
2026-08-24 16:42:33,571 - __main__ - INFO -   Cluster 7: 12541 incidents at (22.5726, 88.3638)
2026-08-24 16:42:33,571 - __main__ - INFO -   Cluster 3: 12444 incidents at (12.9717, 77.5948)
2026-08-24 16:42:33,572 - __main__ - INFO - Training Isolation Forest for anomaly detection...
2026-08-24 16:42:33,575 - __main__ - ERROR - Training failed: 'hour'
Traceback (most recent call last):
  File "/opt/anaconda3/lib/python3.13/site-packages/pandas/core/indexes/base.py", line 3812, in get_loc
    return self._engine.get_loc(casted_key)
           ~~~~~~~~~~~~~~~~~~~~^^^^^^^^^^^^
  File "pandas/_libs/index.pyx", line 167, in pandas._libs.index.IndexEngine.get_loc
  File "pandas/_libs/index.pyx", line 196, in pandas._libs.index.IndexEngine.get_loc
  File "pandas/_libs/hashtable_class_helper.pxi", line 7088, in pandas._libs.hashtable.PyObjectHashTable.get_item
  File "pandas/_libs/hashtable_class_helper.pxi", line 7096, in pandas._libs.hashtable.PyObjectHashTable.get_item
KeyError: 'hour'

The above exception was the direct cause of the following exception:

Traceback (most recent call last):
  File "/Users/lakshsorathiya/ARIA/ml_scripts/hotspot_predictor.py", line 660, in main
    training_results = model.fit(df)
  File "/Users/lakshsorathiya/ARIA/ml_scripts/hotspot_predictor.py", line 458, in fit
    anomaly_metrics = self.anomaly_detector.fit(df)
  File "/Users/lakshsorathiya/ARIA/ml_scripts/hotspot_predictor.py", line 373, in fit
    df_features = self.feature_engineer.create_spatial_features(df)
  File "/Users/lakshsorathiya/ARIA/ml_scripts/hotspot_predictor.py", line 196, in create_spatial_features
    df['hour_sin'] = np.sin(2 * np.pi * df['hour'] / 24)
                                        ~~^^^^^^^^
  File "/opt/anaconda3/lib/python3.13/site-packages/pandas/core/frame.py", line 4113, in __getitem__
    indexer = self.columns.get_loc(key)
  File "/opt/anaconda3/lib/python3.13/site-packages/pandas/core/indexes/base.py", line 3819, in get_loc
    raise KeyError(key) from err
KeyError: 'hour'
2026-08-24 16:43:04,395 - __main__ - INFO - ======================================================================
2026-08-24 16:43:04,395 - __main__ - INFO - ARIA HOTSPOT PREDICTOR TRAINING
2026-08-24 16:43:04,395 - __main__ - INFO - ======================================================================
2026-08-24 16:43:04,395 - __main__ - INFO - Start time: 2026-08-24 16:43:04
2026-08-24 16:43:04,395 - __main__ - INFO - Loading data from /Users/lakshsorathiya/ARIA/data/processed/incidents_processed.csv
2026-08-24 16:43:04,532 - __main__ - INFO - Loaded 100,000 records
2026-08-24 16:43:04,552 - __main__ - INFO - ======================================================================
2026-08-24 16:43:04,552 - __main__ - INFO - TRAINING HOTSPOT PREDICTOR
2026-08-24 16:43:04,552 - __main__ - INFO - ======================================================================
2026-08-24 16:43:04,552 - __main__ - INFO - Detecting hotspots with DBSCAN...
2026-08-24 16:43:13,263 - __main__ - INFO - Found 8 hotspot clusters
2026-08-24 16:43:13,263 - __main__ - INFO - Noise points: 0 (0.0%)
2026-08-24 16:43:55,896 - __main__ - INFO - Silhouette Score: 0.9790
2026-08-24 16:43:55,896 - __main__ - INFO - Calinski-Harabasz Score: 409596007.93
2026-08-24 16:43:55,896 - __main__ - INFO - 
Top 5 Hotspots:
2026-08-24 16:43:55,896 - __main__ - INFO -   Cluster 6: 12658 incidents at (19.0757, 72.8776)
2026-08-24 16:43:55,896 - __main__ - INFO -   Cluster 2: 12618 incidents at (28.7039, 77.1023)
2026-08-24 16:43:55,896 - __main__ - INFO -   Cluster 0: 12599 incidents at (23.0226, 72.5714)
2026-08-24 16:43:55,896 - __main__ - INFO -   Cluster 7: 12541 incidents at (22.5726, 88.3638)
2026-08-24 16:43:55,896 - __main__ - INFO -   Cluster 3: 12444 incidents at (12.9717, 77.5948)
2026-08-24 16:43:55,897 - __main__ - INFO - Training Isolation Forest for anomaly detection...
2026-08-24 16:44:34,811 - __main__ - INFO - Detected 10000 anomalies (10.0%)
2026-08-24 16:44:34,811 - __main__ - INFO - Normal points: 90000 (90.0%)
2026-08-24 16:44:35,175 - __main__ - INFO - Anomaly Score Range: [-0.0855, 0.0992]
2026-08-24 16:44:35,178 - __main__ - INFO - ======================================================================
2026-08-24 16:44:35,179 - __main__ - INFO - MODEL EVALUATION
2026-08-24 16:44:35,179 - __main__ - INFO - ======================================================================
2026-08-24 16:45:19,243 - __main__ - INFO - 
Hotspot Detection:
2026-08-24 16:45:19,243 - __main__ - INFO -   Total hotspots: 8
2026-08-24 16:45:19,244 - __main__ - INFO -   Incidents in hotspots: 100000 (100.0%)
2026-08-24 16:45:19,244 - __main__ - INFO - 
Anomaly Detection:
2026-08-24 16:45:19,244 - __main__ - INFO -   Anomalies detected: 10000 (10.0%)
2026-08-24 16:45:19,244 - __main__ - INFO -   Anomaly score range: [-0.0855, 0.0992]
2026-08-24 16:46:02,279 - __main__ - INFO - 
Hotspot Detection Metrics:
2026-08-24 16:46:02,279 - __main__ - INFO -   Precision: 1.0000
2026-08-24 16:46:02,279 - __main__ - INFO -   Recall:    1.0000
2026-08-24 16:46:02,279 - __main__ - INFO -   F1-Score:  1.0000
2026-08-24 16:46:02,279 - __main__ - INFO - Creating visualizations...
2026-08-24 16:46:46,157 - __main__ - INFO - Saved visualizations to /Users/lakshsorathiya/ARIA/reports/hotspot_predictor_evaluation.png
2026-08-24 16:46:46,157 - __main__ - INFO - Saving model artifacts...
2026-08-24 16:46:46,170 - __main__ - ERROR - Training failed: keys must be str, int, float, bool or None, not int64
Traceback (most recent call last):
  File "/Users/lakshsorathiya/ARIA/ml_scripts/hotspot_predictor.py", line 702, in main
    save_model(model, metadata, MODELS_DIR)
    ~~~~~~~~~~^^^^^^^^^^^^^^^^^^^^^^^^^^^^^
  File "/Users/lakshsorathiya/ARIA/ml_scripts/hotspot_predictor.py", line 653, in save_model
    json.dump(model.get_hotspot_info(), f, indent=2)
    ~~~~~~~~~^^^^^^^^^^^^^^^^^^^^^^^^^^^^^^^^^^^^^^^
  File "/opt/anaconda3/lib/python3.13/json/__init__.py", line 179, in dump
    for chunk in iterable:
                 ^^^^^^^^
  File "/opt/anaconda3/lib/python3.13/json/encoder.py", line 433, in _iterencode
    yield from _iterencode_dict(o, _current_indent_level)
  File "/opt/anaconda3/lib/python3.13/json/encoder.py", line 376, in _iterencode_dict
    raise TypeError(f'keys must be str, int, float, bool or None, '
                    f'not {key.__class__.__name__}')
TypeError: keys must be str, int, float, bool or None, not int64
2026-08-24 16:47:02,715 - __main__ - INFO - ======================================================================
2026-08-24 16:47:02,715 - __main__ - INFO - ARIA HOTSPOT PREDICTOR TRAINING
2026-08-24 16:47:02,715 - __main__ - INFO - ======================================================================
2026-08-24 16:47:02,715 - __main__ - INFO - Start time: 2026-08-24 16:47:02
2026-08-24 16:47:02,715 - __main__ - INFO - Loading data from /Users/lakshsorathiya/ARIA/data/processed/incidents_processed.csv
2026-08-24 16:47:02,853 - __main__ - INFO - Loaded 100,000 records
2026-08-24 16:47:02,872 - __main__ - INFO - ======================================================================
2026-08-24 16:47:02,872 - __main__ - INFO - TRAINING HOTSPOT PREDICTOR
2026-08-24 16:47:02,872 - __main__ - INFO - ======================================================================
2026-08-24 16:47:02,872 - __main__ - INFO - Detecting hotspots with DBSCAN...
2026-08-24 16:47:11,911 - __main__ - INFO - Found 8 hotspot clusters
2026-08-24 16:47:11,912 - __main__ - INFO - Noise points: 0 (0.0%)
2026-08-24 16:48:02,485 - __main__ - INFO - Silhouette Score: 0.9790
2026-08-24 16:48:02,485 - __main__ - INFO - Calinski-Harabasz Score: 409596007.93
2026-08-24 16:48:02,485 - __main__ - INFO - 
Top 5 Hotspots:
2026-08-24 16:48:02,485 - __main__ - INFO -   Cluster 6: 12658 incidents at (19.0757, 72.8776)
2026-08-24 16:48:02,486 - __main__ - INFO -   Cluster 2: 12618 incidents at (28.7039, 77.1023)
2026-08-24 16:48:02,486 - __main__ - INFO -   Cluster 0: 12599 incidents at (23.0226, 72.5714)
2026-08-24 16:48:02,486 - __main__ - INFO -   Cluster 7: 12541 incidents at (22.5726, 88.3638)
2026-08-24 16:48:02,486 - __main__ - INFO -   Cluster 3: 12444 incidents at (12.9717, 77.5948)
2026-08-24 16:48:02,486 - __main__ - INFO - Training Isolation Forest for anomaly detection...
2026-08-24 16:48:45,115 - __main__ - INFO - Detected 10000 anomalies (10.0%)
2026-08-24 16:48:45,115 - __main__ - INFO - Normal points: 90000 (90.0%)
2026-08-24 16:48:45,536 - __main__ - INFO - Anomaly Score Range: [-0.0855, 0.0992]
2026-08-24 16:48:45,539 - __main__ - INFO - ======================================================================
2026-08-24 16:48:45,539 - __main__ - INFO - MODEL EVALUATION
2026-08-24 16:48:45,539 - __main__ - INFO - ======================================================================
2026-08-24 16:49:31,275 - __main__ - INFO - 
Hotspot Detection:
2026-08-24 16:49:31,275 - __main__ - INFO -   Total hotspots: 8
2026-08-24 16:49:31,275 - __main__ - INFO -   Incidents in hotspots: 100000 (100.0%)
2026-08-24 16:49:31,275 - __main__ - INFO - 
Anomaly Detection:
2026-08-24 16:49:31,275 - __main__ - INFO -   Anomalies detected: 10000 (10.0%)
2026-08-24 16:49:31,275 - __main__ - INFO -   Anomaly score range: [-0.0855, 0.0992]
2026-08-24 16:50:17,232 - __main__ - INFO - 
Hotspot Detection Metrics:
2026-08-24 16:50:17,232 - __main__ - INFO -   Precision: 1.0000
2026-08-24 16:50:17,232 - __main__ - INFO -   Recall:    1.0000
2026-08-24 16:50:17,232 - __main__ - INFO -   F1-Score:  1.0000
2026-08-24 16:50:17,232 - __main__ - INFO - Creating visualizations...
2026-08-24 16:51:02,251 - __main__ - INFO - Saved visualizations to /Users/lakshsorathiya/ARIA/reports/hotspot_predictor_evaluation.png
2026-08-24 16:51:02,251 - __main__ - INFO - Saving model artifacts...
2026-08-24 16:51:02,266 - __main__ - ERROR - Training failed: keys must be str, int, float, bool or None, not int64
Traceback (most recent call last):
  File "/Users/lakshsorathiya/ARIA/ml_scripts/hotspot_predictor.py", line 705, in main
    save_model(model, metadata, MODELS_DIR)
    ~~~~~~~~~~^^^^^^^^^^^^^^^^^^^^^^^^^^^^^
  File "/Users/lakshsorathiya/ARIA/ml_scripts/hotspot_predictor.py", line 660, in save_model
    json.dump(metadata, f, indent=2, default=str)
    ~~~~~~~~~^^^^^^^^^^^^^^^^^^^^^^^^^^^^^^^^^^^^
  File "/opt/anaconda3/lib/python3.13/json/__init__.py", line 179, in dump
    for chunk in iterable:
                 ^^^^^^^^
  File "/opt/anaconda3/lib/python3.13/json/encoder.py", line 433, in _iterencode
    yield from _iterencode_dict(o, _current_indent_level)
  File "/opt/anaconda3/lib/python3.13/json/encoder.py", line 407, in _iterencode_dict
    yield from chunks
  File "/opt/anaconda3/lib/python3.13/json/encoder.py", line 376, in _iterencode_dict
    raise TypeError(f'keys must be str, int, float, bool or None, '
                    f'not {key.__class__.__name__}')
TypeError: keys must be str, int, float, bool or None, not int64
2026-08-24 16:51:18,637 - __main__ - INFO - ======================================================================
2026-08-24 16:51:18,638 - __main__ - INFO - ARIA HOTSPOT PREDICTOR TRAINING
2026-08-24 16:51:18,638 - __main__ - INFO - ======================================================================
2026-08-24 16:51:18,638 - __main__ - INFO - Start time: 2026-08-24 16:51:18
2026-08-24 16:51:18,638 - __main__ - INFO - Loading data from /Users/lakshsorathiya/ARIA/data/processed/incidents_processed.csv
2026-08-24 16:51:18,768 - __main__ - INFO - Loaded 100,000 records
2026-08-24 16:51:18,785 - __main__ - INFO - ======================================================================
2026-08-24 16:51:18,785 - __main__ - INFO - TRAINING HOTSPOT PREDICTOR
2026-08-24 16:51:18,785 - __main__ - INFO - ======================================================================
2026-08-24 16:51:18,785 - __main__ - INFO - Detecting hotspots with DBSCAN...
2026-08-24 16:51:27,391 - __main__ - INFO - Found 8 hotspot clusters
2026-08-24 16:51:27,392 - __main__ - INFO - Noise points: 0 (0.0%)
2026-08-24 16:52:16,765 - __main__ - INFO - Silhouette Score: 0.9790
2026-08-24 16:52:16,766 - __main__ - INFO - Calinski-Harabasz Score: 409596007.93
2026-08-24 16:52:16,766 - __main__ - INFO - 
Top 5 Hotspots:
2026-08-24 16:52:16,766 - __main__ - INFO -   Cluster 6: 12658 incidents at (19.0757, 72.8776)
2026-08-24 16:52:16,766 - __main__ - INFO -   Cluster 2: 12618 incidents at (28.7039, 77.1023)
2026-08-24 16:52:16,766 - __main__ - INFO -   Cluster 0: 12599 incidents at (23.0226, 72.5714)
2026-08-24 16:52:16,766 - __main__ - INFO -   Cluster 7: 12541 incidents at (22.5726, 88.3638)
2026-08-24 16:52:16,766 - __main__ - INFO -   Cluster 3: 12444 incidents at (12.9717, 77.5948)
2026-08-24 16:52:16,767 - __main__ - INFO - Training Isolation Forest for anomaly detection...
2026-08-24 16:52:57,252 - __main__ - INFO - Detected 10000 anomalies (10.0%)
2026-08-24 16:52:57,252 - __main__ - INFO - Normal points: 90000 (90.0%)
2026-08-24 16:52:57,616 - __main__ - INFO - Anomaly Score Range: [-0.0855, 0.0992]
2026-08-24 16:52:57,619 - __main__ - INFO - ======================================================================
2026-08-24 16:52:57,619 - __main__ - INFO - MODEL EVALUATION
2026-08-24 16:52:57,619 - __main__ - INFO - ======================================================================
2026-08-24 16:53:42,922 - __main__ - INFO - 
Hotspot Detection:
2026-08-24 16:53:42,922 - __main__ - INFO -   Total hotspots: 8
2026-08-24 16:53:42,922 - __main__ - INFO -   Incidents in hotspots: 100000 (100.0%)
2026-08-24 16:53:42,922 - __main__ - INFO - 
Anomaly Detection:
2026-08-24 16:53:42,922 - __main__ - INFO -   Anomalies detected: 10000 (10.0%)
2026-08-24 16:53:42,922 - __main__ - INFO -   Anomaly score range: [-0.0855, 0.0992]
2026-08-24 16:54:28,069 - __main__ - INFO - 
Hotspot Detection Metrics:
2026-08-24 16:54:28,069 - __main__ - INFO -   Precision: 1.0000
2026-08-24 16:54:28,069 - __main__ - INFO -   Recall:    1.0000
2026-08-24 16:54:28,069 - __main__ - INFO -   F1-Score:  1.0000
2026-08-24 16:54:28,069 - __main__ - INFO - Creating visualizations...
2026-08-24 16:55:10,570 - __main__ - INFO - Saved visualizations to /Users/lakshsorathiya/ARIA/reports/hotspot_predictor_evaluation.png
2026-08-24 16:55:10,570 - __main__ - INFO - Saving model artifacts...
2026-08-24 16:55:10,583 - __main__ - INFO - Model artifacts saved to /Users/lakshsorathiya/ARIA/models
2026-08-24 16:55:10,584 - __main__ - INFO - ======================================================================
2026-08-24 16:55:10,584 - __main__ - INFO - TRAINING COMPLETE
2026-08-24 16:55:10,584 - __main__ - INFO - ======================================================================
2026-08-24 16:55:10,584 - __main__ - INFO - Duration: 231.95 seconds
2026-08-24 16:55:10,584 - __main__ - INFO - Hotspots detected: 8
2026-08-24 16:55:10,584 - __main__ - INFO - Hotspot Precision: 1.0000
2026-08-24 16:55:10,584 - __main__ - INFO - ✅ Target precision (>0.7) ACHIEVED!
2026-08-24 16:55:10,584 - __main__ - INFO - 
Model saved to: /Users/lakshsorathiya/ARIA/models
2026-08-24 16:55:10,584 - __main__ - INFO - ======================================================================
